---
source: src/test/dag_to_graph.rs
expression: "dag_to_text(\"A -> B -> C\\nA -> D -> C\\nB -> D\").unwrap()"
---
┌─────┐
│  A  │
└┬───┬┘
┌▽──┐│ 
│ B ││ 
└┬─┬┘│ 
 │┌▽─▽┐
 ││ D │
 │└┬──┘
┌▽─▽┐  
│ C │  
└───┘
